\BOOKMARK [1][-]{section.1}{\376\377\137\025\212\000}{}% 1
\BOOKMARK [1][-]{section.2}{\376\377\225\356\230\230\137\142\137\017\123\026}{}% 2
\BOOKMARK [2][-]{subsection.2.1}{\376\377\132\001\200\301\152\041\127\213}{section.2}% 3
\BOOKMARK [1][-]{section.3}{\376\377\116\072\117\125\210\301\122\044\121\306\170\156\163\207\136\166\116\015\121\105\122\006}{}% 4
\BOOKMARK [2][-]{subsection.3.1}{\376\377\133\371\210\301\122\044\121\105\122\006\140\047\166\204\123\315\117\213}{section.3}% 5
\BOOKMARK [2][-]{subsection.3.2}{\376\377\133\371\220\350\177\162\143\245\123\343\166\204\123\315\117\213}{section.3}% 6
\BOOKMARK [2][-]{subsection.3.3}{\376\377\121\306\170\156\163\207\116\016\143\210\147\103\116\113\225\364\166\204\116\000\147\141\122\006\171\273}{section.3}% 7
\BOOKMARK [1][-]{section.4}{\376\377\232\214\213\301\131\121\176\246}{}% 8
\BOOKMARK [2][-]{subsection.4.1}{\376\377\116\011\120\074\143\210\147\103}{section.4}% 9
\BOOKMARK [2][-]{subsection.4.2}{\376\377\217\335\123\315\117\040\144\255\116\015\123\330\221\317}{section.4}% 10
\BOOKMARK [2][-]{subsection.4.3}{\376\377\131\121\176\246\134\136\140\047}{section.4}% 11
\BOOKMARK [2][-]{subsection.4.4}{\376\377\126\333\147\141\134\136\140\047\166\204\166\370\133\371\227\136\121\227\117\131\140\047}{section.4}% 12
\BOOKMARK [1][-]{section.5}{\376\377\116\016\166\370\220\273\142\275\214\141\166\204\121\163\174\373}{}% 13
\BOOKMARK [1][-]{section.6}{\376\377\131\121\176\246\154\273\164\006\116\013\166\204\232\214\213\301}{}% 14
\BOOKMARK [2][-]{subsection.6.1}{\376\377\116\000\116\052\000\040\000W\000o\000r\000k\000e\000d\000\040\000R\000e\000p\000l\000a\000y\000\040\150\110\117\213}{section.6}% 15
\BOOKMARK [2][-]{subsection.6.2}{\376\377\116\000\116\052\135\362\220\350\177\162\166\204\176\323\173\227\163\257\215\357\117\134\116\072\123\302\200\003\133\236\117\213\123\026}{section.6}% 16
\BOOKMARK [1][-]{section.7}{\376\377\000J\000O\000V\000E\000-\000C\000o\000r\000e}{}% 17
\BOOKMARK [1][-]{section.8}{\376\377\133\236\232\214\213\276\213\241}{}% 18
\BOOKMARK [2][-]{subsection.8.1}{\376\377\174\373\176\337}{section.8}% 19
\BOOKMARK [2][-]{subsection.8.2}{\376\377\231\226\211\201\172\357\160\271\377\032\176\323\147\204\116\000\201\364\140\047\116\016\131\026\220\350\176\323\147\234\166\204\122\006\171\273}{section.8}% 20
\BOOKMARK [2][-]{subsection.8.3}{\376\377\147\072\122\066\116\016\154\333\123\026}{section.8}% 21
\BOOKMARK [2][-]{subsection.8.4}{\376\377\116\272\174\173\170\024\172\166}{section.8}% 22
\BOOKMARK [2][-]{subsection.8.5}{\376\377\150\067\147\054\221\317\116\016\122\237\145\110}{section.8}% 23
\BOOKMARK [1][-]{section.9}{\376\377\176\323\147\234\116\016\213\301\117\052}{}% 24
\BOOKMARK [1][-]{section.10}{\376\377\230\204\173\124\123\315\232\163}{}% 25
\BOOKMARK [1][-]{section.11}{\376\377\134\100\226\120\116\016\117\046\164\006}{}% 26
\BOOKMARK [1][-]{section.12}{\376\377\123\357\131\015\163\260\140\047}{}% 27
\BOOKMARK [1][-]{section.13}{\376\377\176\323\213\272}{}% 28
